O O B-people O O O O O O
O O O O O O O O B-people O O O O O O O O O
O O O B-people O O O O O O O O
O O O O O O O O B-people O O O O O O O O O O O O O O O
O O O O O O B-people O O O O O O O O O O O O O O O O O
O O O O O B-people O O O O O O O O
O O O O B-stay O O O O O O
O O B-people O O O O O O O
O O O O B-price O O O O O O O O O
O O O O O O O B-people O O O O O O O
O O O O O O O O B-area O O
O O O O O O O O O O O O O O O O O O O O O B-stars O O O O O O O O O O
O O O O B-price O O O
O O O O O O O O O O O O O B-slot O O O O O O O
O O O B-type O O O O O O O O O O
O O O O O O O O O O O O O O B-stars O O O O O O O O
O O B-day O O O O O O O O O O O O
O O O O B-stars O O O O O O O O
O O O O O O O B-price O O
O O O O O O O O O O O O O O O O B-stars O O O
O O O O B-type O O
O O O O O B-stars O O O O
O O O O O O O O O B-price O O
O O O O O B-area O O
O O O O B-people O O O O O O
O O O O O O O O O O O O O O O O O O O O B-slot
O O O O O O O O O B-people O O O O O O O O O O
O O O O O O O B-slot
O O O O O O O O O B-people O O O O O O O O
O O O O O O O O O O B-day O O O O O O
O O O O O O O B-name I-name O
O O O O O O B-day
O O O O O B-people O O O O O O O O
O O O O O O O O O O B-area O O O O O
O O O O O O O B-area O
O O O O B-price O O O
O O O O O O O O O O O O O O B-price O O O
O O O O O O O O O O O O O O O O O O O O O O O O O O B-stars O O
O O O O O O O O O O O O O O O O O O O B-area O
O O O O O O B-area
O O O O O O O O B-stars O O O O O O
O O O O O O O O O O O O O O O O O O O O O O O O O O B-stars O O O O O O O O O
O O O O O O O B-people O O O O O O O O O O O O O O O O O
O O O O O O O O O O O O O O B-slot O O O O O O O O O O
O O O O O O O O B-day O
O O O O O O O O O O O O O O O O O O O O O O O O O O O B-people O O O O O O O
O O O O O O O O O O O B-price O O O O O O
O O O O O O O O O O O O O O O O O O O O B-stars O O
O O O O O O O O O O O O O O O O O O O O O B-people O O O O O O O O O O O O O
O O O O O O O O O O O O O O O O O O O O O O O O O O O O O O O O O O B-slot
O O O O O O O O I-name O B-name I-name O O
O O O O O B-stars O O O O
O O O O O O O O O B-people O O O O O O
O O O O O O O O B-area O O O O O O O O O O O O O O O O O O O O O O O O O O O O O
O O O O O O B-area O O O O O O O O
O O O O O O O O O B-people O O O O O O O O O O O
O O O O O B-price O O
O O O O O B-price O O O O O
O O O O O B-people O O O O O O O O O O O O O O O
O O O O O O O O O O O O O O O O O O O O B-slot
O O O B-people O O O O O O O O O O O
O O O O O O O O O B-people O O O O O O O O O O O O O O O O
O O O B-stay O O
O O O O O O O O B-people O O O O O O O O O O O O O O
O O O O O O O O O O O O O O O B-name O O O
B-area O O O O O
O O O O O B-people O O O O O O O
O O O O O O O O O O O O O O O B-people O O O O O O O
O O O O O O O O O O O O O O O B-area O
O O O O O O B-people O O O O O O O O O O O O
O O O O O O O B-people O O O O O O O O O O O O O O O O O O O O O O
O O O O O O B-people O O O O O O O O
O O O O O O O O O O B-slot
O O O O O O O O O O B-area O O O O
O O B-area O O O O O O O O
O O O O O O O O O O O O O O O O O B-area O O O O
O O O B-price O O O O O O O O
O O O O O O O B-stars O O O O O O O O O O O O O
O O O O B-stay O O O O O O O O O O O
O O O O O O O O B-stars O O O O O
O O O O B-type O
O O O O O O O O O B-stay O O O O O
B-area O O O O O O O O O O O O O O O O O O
O O O B-people O O O O O O O O
O O O O O O B-people O O O O O O
O O O O O O B-area O O O O O
O O O O O O O O B-area O O
O O O O O O O O O O B-type O O O O O O O O O O O O O O O O O O
O O O O O O O O O O B-area O O O O O O
O O O O O O B-name I-name O O O O O O O O O O O O O O O
O O O O O O O B-stars O O O O O O
O O O O O B-people O O O O O O O O
B-internet O O O O O O O O O O O O O
O O O O O O O O O O B-area O
O O O O O B-people O O O O O O O
O O O O O O O O O O B-stars O O O
O O O O O O O O B-area O O O O
O O O O O O B-slot
O O O O O O O O O O O O B-day
O O O O O O O B-stars O O O
O O B-people O O O O O O O O O O O O
O O O O O O B-stars O O O
O O O O O O O O O O O O O O O O O O O B-people O O O
O O O O O B-stars O O O O O O
O O O O O O O O O O O O O O O O B-people O
O O O O O O B-price O O
O O O O O B-day O O O O O O O
O O O O O O O O O O O O O B-area
O O O O O O O B-slot
O O O O O O O O O O O B-slot O O O O O O
O O O O O O O O O O O O O O B-people O O O O O O O
O O O O O O O O O O O O O O O O B-slot
O O O O O O O B-price O O O O O
O O O O O O O O O O O O O B-stay O O O O O O O O O O O O
O O O O O O O B-price O O O O O O O O
O O O O O O O B-slot
O O O O O O B-people O O O O O O O O
O O O O O O O O O O O O O O B-area O O O O
O O O O O O O B-stars O O O
O O O O O O O O O O O B-people O O O O O
O O O B-people O O O O O O O O
O O O O O O B-stay O O
O O O O O O O O O O O B-price O
O O O O O B-day O O O O O O O O O O O O O O O
O O O O O O O O O O O O O O O O O O O O B-slot
O O O B-stay O O
O O O O O O B-stay O O O O O O O O O O O O O O O O O O
O O O O O O O O O O O O B-people O O O O O O
O O O O O O O O O O O O O B-people O O O O O O O O O
O O O O O O O O O O O O O O O B-people O O O O O O O O O
O O O O O O O O O O O O O B-stars O O O
O O O O O O O B-people O O O O O O O O O
O O O O O O O O O O O O O O O O O O O O O O O O B-stay O O O
O O O O O O B-people O O O O O O O O
O O O O O O O B-stars O O O O O
B-type O O O O O O O O O O O O O O
O O O O O O O O O O O O O O B-slot
O O O O O O O O O O O O O B-stay O O O O O
O O O O O O O O O B-people O O O O O O O O
O O O O O O O O B-people O O O O O O O O
O O O O O O O O O O O O O O O O O O B-type O O O O O O O O O O O O
O O O O O O O O O O O B-area O
B-people O O O O O O
O O O O O O O O O B-stars O O O O O O O O O O
O O O O O O O O B-area O O O O O O O O O O O
O O O O O O O O O O O B-name I-name O O O O O O O O O O O
O O O O O O O B-area O O O
O O O O O B-name I-name I-name I-name O
O O O O O O O O O O O B-slot
B-people O O O O O O O O
O O O O O O B-type O O O O O O
O O O O O O B-stars O O O O O O O O O O O O O
O O O O O B-price O O O O O O O O O O O O O O
O O O O O O O O O O O O O O B-slot
O O O O O O O O O B-area O
O O O O O O O B-price O O O
O O O O O O O O O O O O O O O B-slot
O O O O O O O O B-people O O O O O O O O O O O O O O O O O
O O O O O O O O O O O O O O O O O B-slot O O O O O O O O
O O O O O O O O O O O B-name I-name O
B-stay O O O O
O O O O B-stay O O O
O O O O O O O O O O O O O O O O O B-people O O O O O
O O O O O O O O O O O O O O O O B-people O O O O O
O O O O O O O O O O O B-area O O O O O
O O O O B-stars O O O O O O O O O O O O
O O O O O O O B-slot
O O O O O O O O O O O B-people O O O O O O O O
O O O O O O O O O O O O B-slot O O O O O O O O O O O O O O O O O O
O O B-people O O O O O O O
O O O O O O O B-people O O O O O O O O
O O O O O O O B-people O O O O O O O O
O O O B-price O O O
O O O O O O O O O O O B-stay O O O O O O O O O O O O
O O O O O O O O O O O O O O O O O O O O O O O B-slot
O O O O O B-area O O
O O O O O O O B-name I-name O
O O O O O O O B-price O
O O O O O O O B-name I-name I-name I-name I-name O
O O O O O O O O O O B-people O O O O O O O O
O O O O O O O B-people O O O O O O O O
O O O O O O O O O O O O O O O O O B-stars O O O O O O O O O O O
O O O O O O O O O O B-name O
O O O O O O O O O O B-name I-name I-name I-name I-name O
O O O O B-type O
O O O O O O O O O B-people O O O O O O O
O O O O O O O O B-name I-name I-name
O O O O O O O O O O O O O B-people O O
O O O O O O B-stars O O O
O O O O O O O O O O B-name O O O O O
O O O O O B-people O O O O O O O
O O O O O O O O O O O O B-stars O O O O O O O O O O O O O O
O O O O O O O O B-stay O O O O O
O O O O O O B-day O
O O O O B-stars O O O O O O
O O O O O B-type O O O O
O O O O O O B-stars O O
O O O O O O O O O O O B-stars O O O O O O O O O
O O O O O O O O O O O O O O O O O O O O O O O O O O B-slot
O O O O O O O O B-people O O O O O O O O O O O O O
O O O O O B-stay O O O O O O O O O
O O O O B-people O O O O O O
O O O O O O O O O O O O O O O B-price O O O O O O O O O O
O O O O O O O O O B-area O
O O O O O O O O O O O O B-area
O O O O O O O O O O O O O O O O O O O O O O O O O B-stay O O O O
O O O O O O O O O I-name O O B-name O O
O O O O O O O B-stars O O
O O O O O B-people O O O O O O O
O O O O O O O O O O O O O O O O O O B-stars O O O O O O O
O O O B-type O
O O O O O O O O O O O O O O O O O B-stay O O
O O O O O O O O O O B-area O O O
O O O O O O O O O O O O O O O O O O O O B-name I-name O
O O O O O O O O O O O O O O O O O O O B-price O O O O O
O O O O O O O B-stars O O O O
O O O O O O O B-people O O O O O O O
O B-type O O O O
O O O O O O O O O B-stay O O
O O O O O O O O O O O O O O O O O O O O O B-slot
B-area O O O O O
B-internet O O O O O O O O O O O O O O O O O O
O O O O O O O B-people O O O O O O O O
O O O O O O B-slot
O O O O O O O B-price O O O
O O O B-people O O O O O O O O O O O O
O O O O O O O O O O O O O O O O B-stars O O O O O O O O
O O O O O O O O O O O O O O O O B-stars O O
O O O O O O O O O O B-type O O O O O O O O O
O O O O O O O O O B-stars O O O O O O
O O O O O B-people O O O O O O O O O
O O O O O O O O O O O O O O O O B-stars O O O O O
O O O O O O O O O O O O O O O B-stars O O
O O O O O O O O O O O O O B-area O
O O O O O O O O O O O O O O O O O O O B-slot
O O O B-stars O O O
B-internet O O O O O O O O O O
O O O O O O O O O B-slot
O O O O O O O O O O O O O O B-stars O O O
O O O B-price O O O
O O O O O O O O O O O O O B-type O O O O O O
O O O O O B-area O O O O
O O O O O O O O O O O O O O B-people O O
O O O O O O B-people O O O O O O O
O O O O O B-slot
O O B-area O O O O O O
O O O O O O B-type O O
O O O O O O B-stars O O O O O
O O O O O O O O O B-people O O O O O O O O O O O
O O O O B-people O O O O O O O
O O O O O O O O O O O O O O O O O O O O O O O O O O O O B-stars O O O O
O O O O O O O O B-day O O
O O O B-area O O O O O O O O O O O O O O O O O O O O O O O O O O O
O O O O O O O O O O B-day O O O O O
O O O O O O O O O B-area O O O O O O O O
O O O O O O B-stars O O O O O O
O O O O O O O O B-area O O O O
O O O O O O O O O O O O O O O O O O O O O O B-slot O O O O O O O O O
O B-price O O O O O O O O O O O O O O O O O O O
O O O O O O O O O O B-type O
O O O O O O O O O O O O B-area O O O O O O O O O O
O O O O O O O O O O O B-stars O
O O O O O O O O O O B-people O O O O O O O O
O O O O O O O O O O B-people O O O O O O O
O O O O O O O O O B-area O O
O O O O O O B-people O O O O O O O
O O O O O O O O O B-stars O O O O
O O O B-price O O
O B-price O O O O O
O O O O O O O O O O O O O O O B-slot
O O B-area O O O O
O O O O O O O O O O O O O B-slot O O O O O O O O
O O O O O O O O O O O B-people O O O O O O O O O O O O O O O
O O O O O O O O O O O O O B-price O O O
O O O O O O O O O O O O O O O O O O B-stars O O O O O O
O O O O B-people O O O O O O O O
O O O O O O B-name I-name O O O
O O O O O O B-people O O O O O O O O
B-internet O O O O O O O O O O O O O O O O
O O O O O O O O B-area O
O O O O O O B-price O O O O O
O O O O O O O B-stars O O O O O O O O O O O O O O
O O O O O O O O B-stars O O O O O O O O O O O O O O O O O O
O O O O O O O O O O O O O B-people O O O O O O O O O O O O O O O
O O O B-people O O O O O O O O O O
B-people O O O O O O O O O O O O O O
O O O O O O O O O B-stars O O O
O O O O O O O O O O O O B-stars O O O O O O O O O
O O O O O O O O B-stars O O
O O O O O O O O O O B-slot
O O O O O O O O B-slot
O O O O O O O O O O O O B-people O O O O O O O O O O O O O O O O O O O O
O O O O O B-day O O O
O B-stars O O O O O O
O O O O I-name I-name O O
O O O O O O O O B-slot
O O O B-stars O O O O O O O
O O O O O O O O O O O O B-area O O
O O O O O O O O O O O O O O O O B-people O O
O O O O O O O O O O O O O B-area O O O O
O O O O O O B-area O O O O O O O
O O O O O O O O O O O O O O O O O O O O O O O O O O B-stars O O
O O O O O O O O O O O O O O O B-slot
O O O O O O O O O O O O O O O O B-stars O
O O B-price O O O O O O
O O O O O O O O O O O O O O O O B-people O O
O O O O O B-area O
O O O O O O O O O O O O B-area O O
O O O O O B-price O O
B-people O O O O O O O
O O O B-stars O O O O O O O
O O O O O O O O O O O O O O O O O B-type O O O O O
O O O O O O O O O O O B-slot
O O O O O O O O O O O O O O O O O B-slot O O O O O O O O O O O O O
O O O O O B-price O O O O O O O O
O O O O O B-stars O O O O O O O O
O O O O O O O B-price O O O
O O O O O O O O O O O O O O O B-stay O O O O O O O O O
O O O O O O O O O B-area O O O O O
O O O O O O O O O O O O O O O O O O O O O O B-day O
O O O O O B-people O O O O O O O
O O O O O O O O O O B-slot
O O B-area O O O O O O O O
O O O O O O O O O O O B-people O O O O O O
O O O O O O O O O B-name I-name O O O
O O O B-name I-name O O O O O O O O O
O O O O O O O O O O O O O B-area O O O O O
O O O O O O O O O O O O B-stay O O O O O O O O O O O O O
O O O O O O O O B-people O O O O O O O O O
O O O O O O O O O O O B-people O O O O O O O O
O O O O O O B-price O O O O O O
O O O O O O O O O O O O O O B-price O O
O O O O O O O O O O O B-price O O O O O O
O O O O O O B-stars O O O O O O O O O O O
O O O O O O O O B-name I-name O O O
O O O O O B-people O O O O O O O O O O O
O O O O O O O O O O O O O O O O O O O O O O O O O O O O B-stars O O O O O
O O O B-price O O O O O O O O
O O O O O O O O O O O O O O O O O O O O O O O O O O O O O B-stars O O O
O O O O O O O O B-area O O O O O
O O O O O O O O O O O O B-name I-name O
O O O O O B-stars O O
B-internet O O O O O O O O O O O O
O O O O O O O O O O B-stay O O O O O O O
O O O O O O O O O O O O O O O O B-stars O O O O O O O O O
O O O O O O O O O O B-area O O O O O O O O
O O O O O O O O B-people O O O O O O O O
O O O O O O O O O O O B-area O O O O O O O O O O O O O O
O O O O O O O O B-stars O O O O
O O O O O O O B-name I-name O O O O
O O O O O B-price O O O O
O O O O O O O O B-slot
O O O O O O O O O O B-name O O O O O I-name I-name I-name I-name O
O O O O O O O O O B-area O
O O O O O O O O O O O O O B-name I-name O
O O O O O O O O O O O O O O O O O O O O O O O O O O B-day O
B-stay O O O O O O O O O O
O O O O O O O O O B-slot
O O O O O O O B-slot
B-parking O O O O O O O O O
O O O O O O O O O O O O O O O B-people O O O
O O O O B-name I-name O
O O O B-stars O O O
O O O O O O O B-people O O O O O O
O O O O O B-slot
O O O O O O O O O O O O O O O O O O O O O O O O O B-people O O
O O O O O O O O O O B-area O O O O O O O O
O O O O O O B-people O O O O O
O O O O B-people O O O O O O O O
O O O O O O O O O O O O O O O O B-stars O O O O O O O O O O O O
O O O O O O O O O O O O O O O O O O O O O B-stars O O O O O O O
O O O O O O O B-stars O O O
O O O O O O O B-area O O O O O O
O O O O O O O O O O B-area O O O O O
O O O O O O O O O O O O O O O O O O O O O O O O O O O O O O B-slot
O O O O O O O O B-people O O O O O O O O
O O O O O O O O O O B-price O O O O O O O
O O O O O O O O O O O O O B-type O O O O O O
O O O O O O O O O O O O B-slot
O O O O O O O B-name I-name O O
O O O O B-price O O
O O O O O O O O O O O O O O O O O B-stars O O
O O O O O O O O O O B-area O O
O O O O O O O O O O O O O O B-area O
O O O O O O O O O O O O B-stars O O O O O O
O O O O O O O O O B-area O O
O O O O O O O O O O O O O O B-area O O
O O O O O O O O O O B-area O O O O O O O O O O O O
O O O O B-day O
O O O O O O O O O O B-people O O O O O O O O
O O O O O O O B-price O
O O O O O O O B-area O O O O
O O B-area O O O O O O O O O O O O O
O O O O B-stars O O O O O O O O O O O O O O O O O O
O O O O O O O O O O O O O O O O O O B-stars O O O O O O O O
O O O O O O O O O O O B-type O O O O O O O
O O O O O O O O O O O O O O O O O O B-slot
O O O O O O O O O O O O O O B-area O O O O O
O O O O O O O B-area O O O O O O O
O O O O O O O B-stay O O O O O
O O O O O O O O O O O O O O O B-type O O O O O O
O O O O O O O O O O B-slot
O O O O O O O O O O O O O O O B-stars O O O
O O O O O O O O O B-stars O O O O O O O O O O O O O O
O O O O O O O O O O O O O O O B-people O O O O O O
O O O O O O O O O O O B-name I-name O
O O O O O O O O O O B-area O O O
O O O O O O O O O B-name I-name I-name I-name I-name O
O O O O O O O O O B-area O O O O
O O O O O O O O O O B-slot
O O O O B-price O O O
O O O O B-people O O O O O O O
O O O O O O O B-slot
O O O O O O B-people O O O O O O O O
O O O B-stars O O O O O O
O O O O O O O O O O O O O O O O B-stars O O O O O O O O O O
B-people O O O O O O O
O O O O O O B-price O O O O O O
O O O O O O O O O O O O O O O O O O B-people
O O O O O O O O B-stay O O O O O
O O O O O O O O O O O O O O O O O B-stars O O O O O O
O O O O O O O O B-area O O O
O O O O O O O O O O O O B-price O O
O O O O O O O O O B-people O O O O O O O O O O O O O O O
B-internet O O O O O O O O O O O O O O O O O
O O O O O O O O O O O O O B-people O O O O O O O O O O O
O O O O O O O O O O O O O B-area O O O O O O O O O O O
O O O O B-name I-name O
O O O O O O B-people O O O O O O O O
O O O O O O O O O O B-none O O O O O O
O O O O O O O O B-slot
B-people O O O O O O
O O O O O O O B-people O O O O O O O O O O O O O
O O O O O O O O B-area O O
O O O O O O B-name I-name I-name O
O O O B-type O O O O O
O O O O O O O O O O O O O O O O B-people O O O O O O
O O O O O O O B-stars O O O O O O O O O O O O O
O O O O O O O B-name I-name O O
O O O O O O O O O O O O O O O B-price O O O O O O O O O O
O O O O O O O O O O O O O O O O O B-area O
O O O O O O O O O O O O O B-slot O O O O O O O O O O O O O O
O O O O O O O B-day O O
O O O O O O O O O O O O O O O O O O B-area O O O O O O O O O
O O O O O O O O B-stay O O O O
O O O O O O B-people O O O O O O O
O O O O O O O O O O B-stars O O O O O O O O O O O O O O O O O
O O O O O O O O O O O B-stars O O O O O
O O O O O O O O O O O B-people O O
O O O O O O O O B-area O O O O
O O O O O O O O O O O O O O O O O O O O O O B-day O
O O B-stay O O O O O
B-internet O O O O O O
O O O O O O B-price O O
O O O O I-name O O O O O B-name O O O O O O O O
O O O O O B-stars O O O O O
O O O O O O O O O O B-area O
O O O O O O O B-name I-name I-name I-name I-name O O O O O O O O O O
O O O O O O O O O O O O O O O O O O O B-people O O O O O O O O
O O O O O O O O B-area O O O
O O O O O O O B-people O O O O O O O O
O O O O O O O O O B-stay O O
O O O O O O O O O O O O B-stars O O
O O O O O O O O O O O O O O B-area O O O O O O O
O O O O B-type O O O O O O O O O O O O O O O O O O O
O O O O O O O O O O O O O O O O O B-stars O
O O O O O O O O O B-name I-name O O O O O O O O O O O O O O O
O O O O O I-name O B-name O O O I-name O O
O O O O O O O B-slot
O O O O O O O O O O O B-stars O O O O O O O
O O O O O O O O O O O O O O O O O B-area O
O O O B-people O O O O O O O O
O O O O O O O O O O O O B-area O O O O O O O O O O O O O
O O O O O O O O O O B-name O O O O
O O O O O O O O O O O O O O B-stay O O O O O
O O O O O O O O O O B-stars O O
O O O O O O O O O O O B-area O
O O O O O O O O O B-price O O
O O O O B-area O O O O O
O O O O O B-people O O O O O O O O O
O O O O O O O O O O O B-people O O O O O O O O
O O O O O B-name I-name I-name I-name O O O O O O O
O O O O O O O B-price O O O O O O
O O O O O O O O O O O O O O O O O O O O O O O B-slot
O O O O O O O O O B-people O O O O O O O O
O O O O O O O O B-people O O O O O O O O O O O O O
O O O O O O O O B-people O O O O O O O
O O O O O O O O O O O O O O B-slot
O O O O O B-stay O O
O O O O O O B-name O O O O O O O O O O
O O O O O O O O O O O O O O O O B-slot
O O O O O B-price O O O O
O O O O O O O O O O O O O O O O O O O O O B-stars O O
O O O O O O O O O O O O B-stay O O O
O O O O O O O O O O O O O O O O O O O O O B-stars O
O O O O O O O O B-area O O O O O O O O
O O O O O O O O B-people O O O O O O O O O O O O O O O
O O O O O O O B-name I-name O
O O O O O O O O O O O O O O O O O O O O O O O O B-people O O
O O O O O O O O B-area O
O O O O O O O O O O B-slot
B-internet O O O O O O O O O O O O O O O O O O O O O
O O O O O O O O O O O O O O O B-price O O O
O O O O O O O O O O B-area O O O
O O O O O O O O O B-people O O O O
O O O O O B-name I-name O
O O O O O B-stars O O O O O O O
O O O O O O B-stars O O
O O O O O O O O O O B-price O O
O O O O O O O O O O O O O O O O O O O O B-slot
O O O O O O O O O O O O O O O O O B-name I-name O O
O O O O O O O O O B-type O O O O O O O O O O O O O
O O O O O O O B-people O O
O O O O O O O O O O O O O O O B-people O O O O O O O O O
O O O O B-area
O O O O O O O O O O O B-type O
O O O O O O O O O O O O O B-people O O
O O O O O O O O O O O O O O O O O B-slot
O O O O O O O O O B-slot
O O O O O O O O B-price O O
O O O O O O O B-area O O O O
O O O O O B-stay O O O O O O O
O O O O O O O O O O O O B-price O
O O O O O O B-stars O O O O O O
O O O O O O O O B-stars O
O O O O O O O O B-area O O O O O O
O O O O O O O O O O O O O O O O B-stars O O O
O O O O O O O O O O O O O O O O O O B-people O O
O O O O O O O O O O B-slot
B-parking O O O O O O O O
O O O O O O O B-area O
O O O O O O O O O O O O O B-slot O O O O O O O O O
O O O B-stay O O
O O O O O O O O O O O O B-people O O O O O
O O O O O O O B-stars O O O O O O O O O O O O
O O O O O O O O O B-slot
O O O O O O O O O O O O O O O O O O O O O O O B-area O
O O O O O B-slot
O O O O O O B-stars O O
O O O O O O O B-stars O O O O O O O O O
O O O O O O B-area O
O O O O O O O O O O B-area O
O O O O O O B-name I-name I-name I-name I-name O O
O O O B-stay O O O O O O O O O O O O
O O O O O O O O O O O O O O O O O O O O O O O B-stay O O O O O
O O O O O O O O O O O O O O O O B-people O O O O O O O O O O O O O O O O O O O
O O O O B-price O O O O O O O
O O O O O O B-area O O O O
O O O O O O O O O O O O O O O O O B-price O O O O O O O O O O O
O O O B-stars O O O O O O O
O O O O O O O O O B-stars O
O O O O O B-type O O O O
O O O O O B-people O O O O O O O
O O O O O O O O O B-slot O O O O O O O O
O O O O B-people O O O O O O O O
O O O O O B-people O O O O O O O
O O O O O O O O O O O B-stay O O
O O O O O O O O O O O O B-stars O O O O O O
O O O O B-price O O O O
O O O O O O O O O O B-people O O O O O O O O O O O O O O O O O O O
O O O O O O O O O O O O O O O O O O O O O O O O O O O O O B-slot
O O O O O O O O O O O B-stay O O
O O O O B-stars O O O O O O O O
O O O O O O O O O O O O B-area O O O
O O O O O B-stars O O O O O O O
O O O O O B-area O O
O O O O B-people O O O O O O O O O O O O O
O O O O O O O O O O O O O B-type O O O
O O O O O O O O O O O O O O O O B-slot
O O O O O B-type O O
O O O O O O O B-slot
O O O O O O O O O O O O O O O O O B-slot
O O O O O B-people O O O O O O O O O O O O
O O O O B-slot O O O O O O O O O O O O
O O O O O O O O B-price O O O O O O O O O O O O O O O O O O O O O O
O O O O O O O O B-people O O O O O O O O
O O O O O O O O O O B-slot
O O O O O O O B-area O O
O O O O O B-slot
O O O O O O O O O O O O O O O O O B-area O O O O O O O O
O O O O O O O O O O O O O O B-area O O O O O O O
O O O O O O O O O O O O O O O O O B-name I-name O
O O O O O O B-type O
O O O O O O O O O B-name O O O O O O O O O O
O O O O O O O O O O O O O O B-type O O O O O O O O O O
O O O O O O O O O O O O O O O O O O O O O O B-slot
O O O O O O O O O O O O O O O O O O O O O B-people O O
O O O O O O O O O O O B-people O O O O O O O O O O O
O O O O O O O O O O B-people O O O O O O O O
O O O O O O O O O O O O O O O O O O O O O O O O O B-people O O O
O O O O O O B-name I-name O
O O O O O O O O O O O O B-people O O O O O O
O O O O O O O O O O O O O B-people O O O O O O O O
O O O O O O O O O O B-price O O O O O O O
O O O O O O O O O O B-slot O O O O O O O O
O O O O O B-stars O
O O O O O O O O B-price O
O O O O O O O O O O O O O O O O O O O O O B-day O O O O O O
O O O O O O O O O B-stars O O O O O O O O O O O O O O O
O O O O O O O O O B-slot
O O O O O B-people O O O O O O O O O O O O O O O O
O O O O O O O O O O O O B-slot O O O O O O O O O
O O O O B-people O O O O O O O O O
O O O O O O O O O O O O O O O O O O O O B-name O
O O O O O O B-name I-name O
O O O O O O O O B-slot
O O O O O O O O O O O O B-price O O O
O O O O O O O O O O O B-slot
O O O O B-stars O O O O O O
O O O O O O O O O O O O O O B-name O O O O O O O O O O O O O
O O O O B-slot O O O O O O O O O O O O O O O O O O O O O O O
O O O O O O O B-day O
O O O O O B-price O O O O O O O O O O O O O O O O O O O
O O O O O O O O O B-day O
O O O B-name O O O O O O O O O O O O O O
O O O O O O B-stay O O O O
O O O O O O O O O O O O O O O B-type O
O O O O O O O O O O O O O O O O O O O O O O O B-slot
O O O O O O O O O O O B-area O O O O
O O O O O B-stars O O O O O O O O O O O
O O O O O O O O O O O O B-price O O
O O O B-stars O O O O O O O O
O O O B-type O O
O O O O O O O O O O O O O O O O O O O O O O O O O O O O B-slot O
O O O O O O O O O O O O O O O B-area O O O O O O O O O
O O O O O O O O O O O O O O O O O O O O O O O O O O O B-price O O
O O O O O O O O O O O B-slot
O O O O O O O O B-area O O O O O O O O O O
O O O O O O O O B-name I-name I-name O
O O O O O O O O O B-area O O O O O
O O O O O O O B-people O O O O O O O O O O O O O
O O O O O O B-stars O O O O O O O
O O O O O O O O O O O O B-name I-name I-name O O O
O O O O O O B-people O O O O O O O O O O O O O O O O
O O O O O O O O O O O O O B-slot
O O O O O O O O B-name I-name I-name I-name O O
O O B-area O O O O
O O O O O B-stay O O O O O
O O O O O O O O O O O O O O O O O O B-area O O O O O O
O O O O O B-slot
O O O O O O O O O B-people O O O O
O O O O B-price O O
O O O O O B-name I-name O O
O O O O O O O O B-stars O O O O O O O O O O O O O O O
O O O O O O O O O O O O O O O O O O O O O O O B-slot
O O O O O O O O O O O B-people O O O O O O O O O O
O O O O O O B-area O O O O O
O O O O O O O O O B-people O O O O O O O O O O O O O O
O O O O O O O O O O O B-day O O O O O
O O O O O O B-price O O O O
O O O O O O O O O O O B-slot
O O O O O O O O O O O O B-slot
O O O O O O O O O O O O B-stars O O O O O O O O O O O O O
O O O O O O O O B-stars O O O O O
O O O O O O O O O O O O O O O O O O O O O O O O O O O B-stars O O O
O O O O O O O O O O O O O O O B-people O O O O
O O O O O O O O B-people O O O O O O O O O O O O O
O O O O O O O O B-name I-name O
O O O O O O O O O O B-slot
O O O O O O O O O O O B-people O O O O O O O O
O O O O O O B-stars O O O O O
O O O O O O O O O O O O O O O O O B-name I-name O
O O O O O O O O O O B-area O
O O O O O O O O O O B-price O O O O O O O O O O
O O O O O O O O O O O O O O B-stars O O O
O O O O O B-stay O O
O O O O O O O O O O O O O O O O O O O O B-slot
O O O O O O O B-name I-name O
O O O O O O O B-people O O O O O O O O
O O O O O O B-people O O O O O O O O
O O O O O O O O O O O O O O O B-area O
O O O O O O O O O B-type O O O O O O O O
O O O B-stars O O
O O O O O O B-area O O O O O
O O O O O O O B-area O O O O O O O O O O O O O O
O O O O O O O B-people O O O O O O O
O O O O O O O O O O O O O O O O O O O O O O O O O O O B-slot
O O O O O O O O O O O O O O O B-price O O
O O O O O O O O O O B-people O O O O O O O O
O O O O O O B-people O O O O O O O O O O O O O O
O O O O O O O O O O O O O O O O B-people O O O O O O
O O O O O O B-stars O O
O O O O O O O O O O B-name I-name I-name I-name O O O O
O O O O O O O O O O O O O O O O O O O O B-stars O O O O O O O
O O O O B-parking O O O O O O O
O O O O O O O O O O O O O O O O O O B-people O O
O O O O O O O O B-price O O
O O O O O O O O B-people O O O O O O O O O
B-people O O O O O O O O O O O O
O O O O O O O O O O O O O B-day O
O O O O O O O O O O O O O O O O O O O B-area O O O O O O
O O O O O O B-day O
O O O O O B-price O O O O O O O O O O O O O O O O O O O O O O O O
O O O O O O O O O O O O O O O O O O O O B-area O
O O O O O B-price O O O
O O O O O B-slot
O O O O O O O B-area O O
O O O O O O B-stars O O O O O O O O
O O O B-area O O O O
O O O O O O O O O O O O O O O O O O O B-area O O O O O
O O O O O O O O O B-name I-name I-name I-name I-name O O O O O O O O
O O O O O B-stars O O
O O O O O O O O O O O O O O O O B-area O O O O
O O O O B-people O O O O O
O O O O O O O O B-area O O O O
O O O O O O O B-people O O O O O O O O O O
O O O O O O O B-people O O O O O O O O
O O O O O O O O O O O O O O O B-area O O O O O O O O O O
O O O O B-stars
O O O O O O O B-people O O O O O O O
O O O O O B-price O O
O O O O O O O B-people O O O O O O O O O
O O O O O O O O O O O O O O O O O O O O O O O B-stars O O
O O O O O O O O O O O O O O O O O O B-people O O O O O
O O O O O O O O O B-people O O
O O O O O O O O O O O B-area O O O O O O O
O O O B-price O O O O O O O O O O O O O O O O O O O O O O O
O O O O O O O O O O O O B-area O O
O O O O O O O O O O O B-stars O O O O O
O O O O O O O O O O B-stay O O O O O O O O O O O O O
O O O O O O O O O O O B-slot
O O O O O O O O O O B-area O
O O O O O O O O B-type O O O O O O O O O O O
O O O O O O O O O O O B-day O
O O O O O O O O O O O B-area O O O O O O O O O O O
O O O O O O O O O O O O O O O O O B-price O O O O O
O O O O O O O O O B-type O O O O O O O O
O O O O O O O O O O O O B-people O O O O O O O O
O O O O O O O O O O O B-area O
O O O O B-stars O O O O O O
B-internet O O O O O O O O O O O O O O O O O O O
O O O O O O B-day O O O O O O O
O O O O O O B-price O O O O O O O
O O O O O O O O O O B-name O O O O O O O O O O
O O O O O O O O O O O O O O O B-stars O O O O O O O
O O O O O O O O O O O O O O O O O O O O O O O O O O O O B-people O O
O O O O O O O O O O B-stars O O O
O O O O O B-slot
O O O O B-area O O O
O O O O O O O O O O O B-stars O O
O O O O O O B-people O O O O O
O O O O O O O O O B-stars O O O O O O O O O O O O O
O O O O O O O O O O O O O O O O O O O O O O O O B-price O
O O O O O O O O B-stay O O
O O O O O O O O I-name O B-name O O
O O O B-stars O O O O O O O O O O O
O O O O O O O B-stars O O
O O O O O O O O O B-people O O O O O O O O
O O O O O O O O O B-stars O O O
O O O O O O O O O O O O O O O O B-stars O O O
O O O O O O O O O O O O B-slot
O O O O B-people O O O O O O O
O O O O O O B-people O O O O O O
O O O O O O O O O O O O O O O O O O O B-day O O O O O O O O O O
O O O O O O O O B-day O
O O O O O O O O O O O O O B-stars O O O
O O O O O B-stay O O O O O
O B-people O O O O O O O O O O O
O O O O O O O O O O O O B-slot
O O O O O O I-name O B-name I-name O O
O O O O O O O O O O B-stars O O O
O O O O O O O B-name O O
O O O O O O O B-people O O O O O O O O O O O O
O O O O O O O O O O O O O O O O B-people O O O O O O O
O O O O O O B-price O O O O
O O O O O O O O O O O O B-people O O O O O O O O O O O O
O O O O O O B-people O O O O O O O
O O O O O O O O O O O B-people O O O O O O O O O O O O O O O O
O O O O O O O O O O O O O O O O B-day O O O O O O O O O O O
O O O O O O O O O O O O O O O O O O O B-type O O O O O O
O O O O O O O O O O O O O O O O O B-slot
O O O O O O O B-stars O O O
O O O O O O O O O O B-stay O O O O O
O O O O O O O O O O O O O O O O O B-stay O O O O O O
O O O B-area O O O O O
O O O O O O O O O O O O O O O B-area O
O O O O O O O O B-people O O O O O O O O
O O O O O O O B-name I-name I-name I-name O O O O
O O O O O O O O O B-stars O O O
O O O O O O O O B-area O O
O O O O O O O O O O O B-people O O O O O O O O
O O O O O O O B-area O O
O O O O O O O O O O O O O O O O O O O O O O B-stars O O O O
O O O O O O O O O O O O O O O O B-type O O O
O O O O O O O O O O O O O O O O B-price O O O
O O O O O O B-area O O
O O O O O O O O O O O O O O O O O B-slot
O O O O O O B-slot O O O O O O O O O O O O O
O O O O O O O O B-people O O O O O O O O O O O O
O O O O O O O O O O O O O O O O O O O O B-slot
O O O O O O O O O O O O O O O O B-slot O O O O O O
O O O O O O O O O O O O B-name O O O O O O O O O O
O O O O O O B-slot
O O O O O O O O O O O O O O O B-slot O O
O O O O O O O O O O O O O O B-slot
O O O O B-slot
O O O O O O O B-price O O O
O O O O O O O O O O O O O B-price O O
O O O B-day O
O O O O O O O B-stars O O O O O O
O O O O O O O O O O O O O O O B-area O O O O
O O O O O O O O O O B-type O O O O O O O O O O O
O O O O B-type O O
O O O O O O O O O B-name I-name O O O O O O O O
O O O O O O O O O O B-price O O O O O
O O O O O O O B-area O
O O O O O O O O O O B-type O O O O O O O O O
O O O O B-people O O O O O O O O
O O O O O O O O O B-price O O O O O O O O O O O O O O O
O O O O O B-stars O O O
B-people O O O O O O O O
O O O O O O O O O B-day O
O O O O O B-slot
O O O O O O B-area O O O O
O O O O O O O B-people O O O O O O O O
O O O O O B-slot O O O O O O O O O O O
O O O O O O O O O O O O O O O O O B-area O
O O O O O O O O O O O O B-slot O O O O O O O O O
O O O O O O O O O O O O O B-people O O O O O
B-day O O O O O O O O
O O O O O O O O O O O O O O O O B-stay O O O O O O
O O O O O B-stars O O O O O O O O
O O O O O O O O O O B-area O O O O O O O
O O O O O O O O O I-name I-name O O
O O O O O B-price O O O O O O O O O
O O O O O O O O O O O O O O O B-people O O
O O O O O O B-stars O O O O O O O
O O B-people O O O O O O O O
O O O O O O O O O O O O O O O O O O O O O O O O B-slot O O O
O O O O B-price O O O O O
O B-name I-name I-name O O O O O O O O O O O O O O O O O O O O O O O O
B-price O O O O O O O
O O O O O O O O B-slot
O O O O O O O O O O O O O O B-area O O O O
O O O O O O O O O B-stars O O O O O O O O O O O O O
O O O O O O O O B-price O O O O O
O O O O O O O O O O O B-area O O O O
O O O O O O O B-area O O O O O O O
O O O O O B-price O O O
O O O O O O O B-people O O O O O O
O O O O B-price O O O
O O O O O O O O O O O O O B-slot
B-people O O O O O O O
O O O O O O O O O O B-people O O O O O O O O O O O O O O O
O O O B-people O O O
O O O O O O B-day O O O O O O O O O O O O
O O O B-day O O O O O O O O O O O O
O O O O O O O O O O O O O B-slot
O O O O O O O O O O O B-name O
O O O O O B-slot
O O O O O B-people O O O O O O O O O O O O
O O O O O O B-people O O O O O O O O
O O O O O O B-type O O O O O
O O O O O O O B-people O O O O O O O O O O O O O
O O O O O O O B-area O O O O O O O
O O O O O O O O O O O B-area O O O O O O O O
O O O O O O O O B-area O O O O
O O O O O B-stars O O O O O O O
O O O O O O O O O O O O O O O O O O O O O O O B-area O O O O O O O O
O O O O O O B-stay O O O O O
O O O O O O O O O O B-people O O O O O O O
O O O O O O O O O O B-area O O O O O O O O O O O O O O O
O O O O O O B-people O O O O O O O O
O O O O O O O O O O O O O O O O B-slot
O O O O O O O O O O O B-slot
O O O O O O O B-slot
O O O O O O O B-stars O O O O O O O O
O O O O O O O O O O O B-area O O O O O
O O O O O O O O O B-people O O O O O O O O O O O O
O O O O O O O O O B-slot
O O O O O O O O O B-area O
O O O O O O O O O O O O B-slot
O O O O O O O O B-area O O O O O O O O O O O O O
O O O O O B-price O O O O O O
O O O O B-price O O O O O O O O O
O O O O B-people O O O O O O O O
O O O B-stars O O O O O O O
O O O O O O O O B-stars O O O O O O O
O O O O O O O O O O O O O O B-stay O O O O O
O O O O O O O B-people O O O O O O O O
O O O B-people O O O O O O O O
O O O O O O O O O O O O O O O B-day O
O O O O O O O O O O O O B-area O O O O O O O O O
O O O O O O O O O O O O O O O O O O O O O O O B-stars O
O O B-people O O O O O O O O
O O O O O O O O O O O B-slot
O O O B-stay O O O
O O O O B-stars O O O O O O O O O O O O O
O O O O O O O O O O O B-people O O O O O
O O O O O O O O O O O O O O O O O O O O O B-price O O
O O O B-type O O O O O O
O O O O O O O O O O O O B-stay O O O O O O O O O O
O O O O O O O O B-area O O
O O O O O O O O O O O O O B-slot O O O O O O O O O O O O O
O O O O O O O O O O O O O O O O B-slot
O O O O O O B-area O
O O O O O O O O O B-price O O O O O O O
O O O O B-type O O O O O O O
O O O O O O O B-stay O O O O O O O O O O O
O O O O O B-stars O O O O O O O O O O O O O
O O O O O O O O O O B-people O O O O O O O O O O O O O O O O
O O O O O O O O O O O O O O O O O O O B-stars O O O O O O
O O O O O O O O O O O B-slot
O O O O O O O O O O O O O O B-stars O O O O O O O O O
O O O O O O O O O B-people O O O O O O O O O O
O O O O O O O O O B-area O O O O O O O O
O O O O O O O B-name I-name I-name O
O O O O O O O O O O O O O O O O B-day O O O O O O O
O O O O O B-type
O O O O O O O B-area O O O O O O O O O O O
O O O O O O O O O O O B-area O
O O O O O B-people O O O O O O O O
O O O O O O O B-area O O O O
O O O O O O O O O O O O O O O B-stars O O
O O O O O B-area O O O O
B-internet O O O O O O O O O O O O O O O O O
O O O O B-people O O O O O O O O O O O O O O O O O O O
B-day O O O O O O O O
O O O O O B-people O O O O O O O O
O O O O O O O O O O O O O O O O O O O B-day O O O O O O O O O O O O O
O O O O O O O O O O B-stars O O O O O O O O O O O O O O O O O
O O O O O O O O B-area O O
O O O O O B-people O O O O O O O
O O O O O O O O O O O O O O O O O O O O O B-people O O
O O O O O O O B-price O O O O O O
O O O O O O O O O O O O O O O O B-people O O O O O O O O
O O O O O O O O O O O B-area O O O O O
O O O O O O O O B-area O
O O O O O O O O O O O O O O O O O B-stars O O O O O O O
O O O O O O O O O O B-area O O O O O O O
O O O O O O O O O O B-people O O O O O O O O
O O O O O O O O O O O O O O O B-area O O O O O O O O O O O
O O O O O O O O O O O O O O B-slot
O O O O O O B-stars O O O
O O O O O O O O O O O O O O O O O O O O O O B-name I-name I-name I-name O
O O O O O O O O O O O O O B-stay O O
O O O O O O O O B-area O
O O B-price O O O O O
O O O O B-people O O O O O O O O O O O O O O O O O O O O O O O
O O O O O O O O O O O O O O O O O O O O O O O O O O O B-slot
O O O O O O O O O O O O O O O O O B-people O O O O O O O O
O O O O O O O O O O O O O O O B-people O O O O O O O O O O
O O O O O O O B-day O
O O O O O O B-price O O
O O O O O O O O B-name I-name
O O O O O O O O O O O O B-people O O O O O O O O O O O O O O O O O O O
O O O O B-type O O O O O
O O O O O O O O O O B-stars O O O O O O O
O O O O O O O O O O O O B-stay O O O O
O O O O O O O O O O B-slot O O O O O O O O O
O O O O O O O O O B-stars O O
O O B-type O O O O
O O O O O O B-slot
O O O O O O O O O O O O O O O B-stars O O O O
O O O O O O B-area O O O O O O O O O O O O O
O O O O O O O O O O O O O B-stay O O
O B-people O O O O O O O O O O O O O O O O O
O O O O O O O O O B-stars O O O O O O O O O O O
O O O O O O O O B-area O O O O
O O O O O O O O O B-name I-name I-name O
O O O O O O O O O O O O O O O O O O B-name I-name O
O O O O O B-slot
O O O O O O B-slot
O O O O O O O O O O O O B-area O
O O O O O O O B-people O O O O O O O O O O O O O O O O
O O O O O O B-stay O O O O O O O O O O O O
O O O O O O O O O O O O B-price O
O O O O O O O O O O O O O O O O O O B-price O O O
O O O O O O O O O O O O O O O O O O O O O O O O O B-stars O O O O
