O B-type O O O O O
O O O O O O O O O O O O O O O O B-area O O
O O O B-type O
O O O O O B-type O O O O O O O O O
O O O O O O O B-type O O O O O O O O O O O O O O O O
O O O O O O B-type O
O O O O O O O O O O O O B-type O O O O O O
O O O O O O O O B-type O O O O O O
O O O O O O B-type O O
O O O O O O B-name I-name I-name O
O O O O O B-type O O O O O O
O O O O O B-type O O O O O O O
O O B-name I-name O O O O O O O O
O O O O O O O O O B-area O O O
O O O O O O B-type O O O O
O O O O O O O O O O O B-name I-name I-name I-name O
O O O O O O O B-name O O O O O O O O O O
O O O O O B-type O O O
O O O O O O O B-type O
O O O O O O O O O O O O O O O O O O O O O O O O B-type O
O O O O O O O O O O O O O O O O B-area O O O O O O
O O O B-type O O O O O O
O O O O O O O O O O O O B-type O
O O B-type O O
O O O O O O O O O O O O O B-area O O O O O O O
O O O O O O O B-area
O O O O O O O O O O O O O O B-area O
O O O O O O O B-area O O O
O O O O O B-type O O O O O O O
O O O O O O O O O O B-name I-name I-name I-name O O O O O O
O O O O O O O O O O O O O O O B-type O O O O O O O O O O O O O
O O O O O O O B-name I-name I-name I-name O O O O O O O O O
O O O O O O O B-name I-name O O O O O O O O O
O O O O O O O B-type O
O O O O O O O O O O O B-area O O O
O O O O O O O O B-type O O O O O
O O O O O O O O O O O O O O B-area
O O O O O O O O O B-type O O O
O O O O O O O B-name I-name I-name
O O O O O O O O O O O O O B-area O
O O O O O O O O O O O O O O O O O O O O O O O O B-type O
O O O O O O O O O O O O B-area O O O O O O O O O O
O O O O O O O B-type O O O
O O O O O O O O O O O O O O O O O O O O O O O B-type O O O O O
O O O O O B-type O O O O O O O
O O O O B-type O O O O
O O O O O O O O O O O O O B-type O O O O O O O O O O
O O O O O O O O O B-type O O O
O O O O O B-name I-name I-name I-name O O O
O O O O O B-name I-name O
O O O O O O O B-area O O O O O O
O O O O O B-area O
O O O O O O O O O O O B-type O O O O O
O O O O O O O O O O O O O O O O O B-area O O O O O O O O O O O O
O O O O O O O O B-area O
O O O O O O O B-type O O O
O O O O O O B-type O O O O O
B-area O O O O O O
O O O O B-area O O O
O O O O O O B-type O O O O O O O O O
O O O O O O O O O O O O O O O B-type O O O O O O O O O O O
O O O O O O O O O O O O O O O O O O O O O O O O O O O O B-area O O O O
O O O O O O O O O O O O O O O O B-type O
O O O O O O O O O O O B-area O O O O O O
O O O O O O O O O O B-name I-name O
O O O O O O O O O O O O O O B-name I-name I-name O
O O O O O O B-type O O O O O O O O O O O O O O O O
O O O O O O O O O O O B-type O O O O O O O O O O O
O O O O O O O O O O B-area O O O
O O O O O B-name I-name I-name I-name I-name O
O O O O O O O O O O O O O B-type O
O O O B-type O O O O O O O O O O
O O O O O O O O O O O O B-area O
O O O O O O B-type O O O O
O O O O B-type O O O O O O
O O O O O O O B-type O O O O O O O O
O O O O O B-type O O
O O O O O B-type O O O O O
O O O O O O O O O O B-type O
O O O O O O B-type O O O O O O O O O O O
O O O O O O O O O O O O O O O O O O O O O B-type O
O O O O O B-name I-name O O O O O O O O O O
O O O B-type O O O O O O O O O O O O O O O O
O O O O O O O B-area O O
O O O O O O O O O B-area O O O O
O O O O O O O O O O O O B-area O O O O O O
O O O O O O O B-type O O O O O O O O O O O O
O O O B-type O O O O O O O O O O O O O
O O O O O O O O O O O O O B-area O
O O O O O O B-type O O
O O O O O O O O O O O O O O O O B-type O O O
O O O O O O O O O O O O O O O O O O O B-area O
O O O O O O O O O O O O O O O B-area O O O O O O O O O O O
O O O O O B-name I-name I-name I-name I-name O
O O O O O B-type O O O O O O O O
O O O O O O B-type O O O O O
O O O O O O O O O O O O B-name I-name O
B-name I-name O O O O O O O O O O O O O O
O O O O O B-type O O O O O O O
O O O O O B-type O O O O O O O O O O O O O O O O O O O O O O O O
O O O O O O B-type O O O O O O O O O O O O
O O O O O O O O O O O O O B-type O O O O
O O O O O O O O O O O O B-type O O O
O O O O O O O O O O O B-area O
O O O O O O O O B-name I-name I-name O
O O O O O O B-area O O
O B-type O O O O O O O O O O O O O O O O O
O O O O O O O O O O O B-area O O O O
O O O O O O O O B-type O O O O O O O O
O O O O O O B-type O O O O O
O O O O O O B-type O
O O O O O O B-type O O O O O O O O O
O O O O O O O O O O O O O O B-type O O O O O
O O O O O O B-type O O O O O O O O
O O O O O O O O O O O O B-type O O O O O O
O O O O O B-type O O O O
O O O B-type O O O O
O O O O O O B-type O O O O O O O O O O O O
O O O B-area O
O O O O O O O O O O O O O O O B-area
O O O O O O O O B-type O O O O O O O O
O O O O O O O O O O O O O B-type O O O O
O O O O O O O O O B-area O
O O O O O O O O O O O O O O O O O O B-area O O O O O O O O O O
O O O O O O O O O O O O O O O O O O O O O O O B-type O O
O O O O O B-type O O O O O
O O O O O O O O O O O O O O B-name I-name I-name I-name O
O O O O O O O B-name I-name I-name I-name I-name I-name O
O O O O O B-type I-type O O
O O O O O O O O O O B-type
O O O O O B-type O O O O
O O O O O O O B-name O O O O
O O O O O O O O O B-name I-name O
O O O O O O O O B-type O O O O
O O O O O O O O O O O B-area O O O O O O
O O O O O O O O O O O O B-area O O O O
O O O O O O B-type O O O O O
O O O O O O O O O O O O O O O O B-area O O O O O O
O O O B-type O O O O O O O
O O O O O O B-type O O O O O O O
O O O O O O O O O B-type O O O O O O O
O O O O O O O O O B-type O O O O O O O O O O
O O O O O O O O O O O O O B-area O O O O O O O O O
O O O O O O O O O B-area O O O O
O O O O O O O O O O O O O O O O B-area O O O O O O O O O O O O O
O O O O O O O O B-type O O O O O O O O O O
O O O O B-type O O O O O
O O O O O O O B-area O
O O O O O O B-type O O O O O O
O O O O O O O O O O O O B-area O O O
O O O B-type O O O O O
O O O O O O O O B-type O O O O O O O
O O O O O B-area O O O O O O O O O O O O O O O
O O O O O O O O B-area O
O O O O O O O O O O O O O O B-area O O O
O O O B-type O O O O O O
O O O O O O B-type O O O O O O
O O O O O O O O O B-type O O O O O O O O
O O O O O O O O O B-type O
O O O O O O O O O O O O O O O O O O O O B-type O
O O O O O B-type O O
O O O O O B-name I-name I-name I-name O O O O O O O O O O O
O O O O O O B-area O
O O O B-area O O O O O O O O O O
O O O O O O O O O O O O O O O O O O O B-type O
O O O O O O B-type O O O O O
O O O O O O O O O O O O O B-area O
O O O O O O O O O O O B-area O O O O O O
O O O O B-type O
O O O O O B-name I-name I-name I-name I-name O
O O O O O O B-type O
O O B-name O O O O O O O O O O O O O O O I-name O O O O O O O O O O O O O O O O
O O O O O B-type O O O O O O O O
O O O O O O O O O O O O O O B-area O O
O O O O O O O O B-area O
O O O O O O O O O O O O O O O O B-name O
O O O O O O O O O O O O O B-type O O O O O O O
O O I-name I-name O O O O O B-name I-name O O O O O O O O O O
O O O O O O O O O O O O O O O O O O O O O O O B-area O O O O O O O O
O O O O O O O O B-type O
O O O O B-type O O O O
O O O O O B-type O O O O
O O O O O O B-type O O O O O
O O O O O O O O O O B-area O O O O
O O O O O O B-area O O
O O O O O O O O O B-type O O O O O O O O O O O O O O O O O O O O O O O O O O
O O O O B-type O O O O
O O B-type O O O O O O O O O
O O O O O O O O O B-name I-name O O O O O O O O O O O O
O O O O O O O O O B-type O O O O O
O O O O O O O O O O O O O O O O O O O O O O B-type O
O O O B-area O O O O O O
O O O O B-type O O O O O O O O
O O O O O O O B-type O O O O O O
O O O O O O O O B-area O O
O O O O O B-type O
O O O O O B-type O O O O O
O O O O O B-type O O O O
O O B-area O O O O O O
O O O O O O O O O O O O O B-name O
O O O O O O B-type O O O O O O
O O O O O O O B-type O O
O O O O O O O O O O O B-type O O O
O O O O O B-type O
O O O O O B-type O
O O O O O O O O O O O O O O O O O O O O O O O O B-type O O O O O O
O O O O O O O O B-type O
O O O O O O O O O B-type O O O O O O O O
O O O O O O O O O O O O B-name O
O O O O O O O O O O O O O O O O O O O O B-area O
B-name O O O O O O O I-name O O O O O O O
O O O O O O O O O O O B-type O
O O O O O O O O O B-area O
O O O O O O O O O O O B-name I-name I-name O O O O O O O O O O O O
O O O O O B-type O
O O O O O O O B-area O
O O O O O O O O O O O O O O O O O O B-type O O O O O O O
O O O O O O O O O O O O O O O O O O O O O O O O O O O O O O B-area O
O O B-area O O O
O O O O B-type O O O O O O O O O
O O O O O O O O O O O O B-type O O O O O O O O O O
O O O O O O O O O O O O O O O B-area
O O O B-type O O O O O O
O O O O O O O B-name I-name
O O O O O O O O B-area O
O O O O O O B-type O
O O O O O O O O B-area O O O
O O O B-type O O O O O O
O O O O O O O O O B-area O O O O
O O O O O O O O O O O B-area O O O O O O O O O O O
O O O O O O O O O O O O O O O O O O O O O O O O B-area O
O O O O O O O O O O O O O O O O O O O O O B-type O
O O O O O O B-name I-name O O O O O O O O O O
O O O O O O O O O O O O B-area O
O O O O O O O O O O O O B-area O
O O O O O B-type O O O O O O
O O O O O O O O O O O B-area O
O O O B-type O
O O O O O O O O O B-name I-name I-name O O O O O O O O O O O O O O O O O
O O O O B-type O O O O O O O O
O O O O O O O O O O O O O O O O O O O O O O O B-area O
O O O O O O O O O O O O O B-area O O O
O O O O O O B-name I-name O O O O O O O O O O O O O O
O O O O O O B-type
O O O O O O O O B-area O O O O O O O
O O O O O O O O O O O B-none O
O O O O O O O B-type O O O O O O
O O O O O O I-name O O O B-name I-name O I-name O O O O O O O O O
O O O B-name I-name I-name I-name I-name O
O O O O O O O B-type O O O O
O O O O O O O O O B-type O O O O O
O O O O O O O O O O O O O B-type O O O O
O B-type O O O O O
O O O O O O O O B-name I-name I-name O
O O O O O O O O O O O O O B-name I-name I-name I-name O O O O O O O O O O O
O O O O O O B-type O O O O
O O O O B-name I-name I-name I-name O O O
O O O O O O O O O B-area O
O O O O O O B-type O O O O O O O O
O O O O B-type O O O
O O O O O O O O O O O O O O O O O O O B-type O O O O
O O O O O O O B-type O O O O O O O O O
O O O O O O B-name I-name I-name O
O O O B-type O O O O
O O O B-type O O O O O O O O O O O O O O O O O O
O O B-type O
O O O O O B-type O O O O O O O O O O O O O O
O O O O O O O O O O O B-area O O O O O O O O O O O O O O O O O O O
O O O O O O O O O O O O O O O O O B-type O O O O O O O O O
O O O O O O O B-area O O O O O O O O O O O O
O O O O O O O O B-type O O O O
O O O O B-type O
O O O O O O O O O O O B-type O O O O O O O O O O O O O
O O O O O O O O O O O O O O B-type O
O O O O O O O O B-type O O O
O O O O O O O O B-area O O O
O O O O O O O O O O O O O B-type O
O O O O O O O B-type O O O O
O O O O O O O O O O B-name I-name I-name I-name O O O O O O O O
O O O O O O O O O O O O O B-type O O O O O
O O O O O O O O O B-area O
O O O O O O O O O O O O O B-area O O O O
O O O O B-name I-name O O O O O O O O O O O
O O O O O O O O O O O O O O B-name I-name O
O O O O O O O B-area O O O O
O O O O O O O O B-type O O O O O O O O O O O
O O O O B-type O O O O O O
O O O O O O B-area O O O O O
O O O O O O O O O O O O O O O B-type O O O O
O O O O O O O O O O O O O O O O O O B-type O
O O O O O O O O B-name I-name O
O O O O O O O I-name I-name I-name O I-name O O O
O O O O O O B-name I-name O
O O O B-type O O O O O O O O O
O O O O O O O B-area O
O O O O O O O O O B-area O O
O O O O O O O O O O O O B-area O O O
O O O O O O O O O B-area O O O O O O O O O O
O O O O O O B-type O
O O O O O B-type O O O O O O O O O O O
O O O O O O O O O B-area O O O O O O O O O O O
O O O O O O O O O O O O O O O O O O O O O O O O B-name I-name I-name O
O O O O O O B-type O O O O O O O O O O O O
O O O O O O O O O B-type O O O O
O O O O O O O O O O O O O B-area O O
O O O O O O O O O B-type O O O
O O O O O O O B-name O O O O O O O O O O O O
O O O O O O O O O O O O B-type O
O O O O O O O O B-type O O O O O O
O O O O O O O B-name I-name O O
O O O O O O O O O O B-type O
O O O O O O O B-type O O O O O
O O O O O O O B-name I-name O O O O O O O O
O O O O O O B-name I-name I-name O
O O O O O O O O O O O B-type O O O O
O O O O O O O O B-name I-name I-name O
O O O O O B-type O O
O O O O O O O O O O O O O O O O O O O O O O B-type O O O O O
O O O O O O O O O B-area O O O O O O O O O
O O O O O O O O B-type O O O O O O O O
O O O O O O B-area O O O O O O O O O O O O O O O O O O O
O O O O O O B-type O O O
O O O O O O O B-type O O O O
O O O O O O O O O O O O O O O O O O O O O O O O O B-type
O O O O O O O O O O O O O O B-area O O O O O O O
O O O O O O O O O B-name I-name I-name O
O O O O O O B-area O O O O
O O O O O O O O B-name O
O O O O O O O O O O B-area O
O O O O O O O O B-type O
O O O O O O O O O B-type O O O O O
O O O O O O O B-type O O O O O O O
O O O O O O O O B-area O
O O O O O O O O O O O B-area O O O O O O O O O
O O O B-name I-name I-name O O O O O O O O
O O O O O O O O O O O O B-type O O O O
O O O O O O O O O O B-type O O O O O
O O O B-area O O O
O O O O O O B-area O O O O
O O O O O O O B-type O O O O O
O O O O B-type O O O
O O O B-area O
O O O O O O O B-type O O
O O O O O O O O O O O B-area O O O O O O O O O O O
O O O O O B-type O O O O
O O O O O O O O O O O B-area O O O
O O O B-type O O
O O O O O O O B-area O
O O O O O O O O O O O O B-area O O O O O O O
O O O O O O B-area O O O
O O O O O O O O O O O O O O O O O B-type O O O O O O O O O
O O O O O O O O O O O O O B-type O O O O O
O O O O O O O O O O O O O O O O O B-type O O O O O O O O
O O O O O O O O B-type O O O O
O O O O O O O O O O O B-type O O O O O O O
O O O O O O O O B-type O O O O O
O O O O O O B-type O O O O O O O O
O O O O O O O B-name I-name O
O O O O O O O O O B-name I-name I-name I-name I-name O
O O O O O O B-type O O O O
O O O O O O O O B-area O O O O O
O O O O O O O O O O O O O O O O O O O O O O O O O O O O B-type O
O O O O O O O O O O B-area O O O O
O O O O O O O B-name O O O O O O O O
O O O O O O O O O O O O O O B-area O O O O O O O
O O O B-type O O O O
O O O O O O O O B-type O O
O O O O O O O O O O O O B-area O O O O O O O O
O O O O O O O O O O O O O O O O O O O B-type O O O O O O O
O O O O O O O O O O O O O B-area O O O O O O O O
O O O O O O O O B-type O
O O O O O O O O O B-type O
O O O O O O O O O O O O O O O O O O O O B-area O O O O
O O O O O O O O O B-type O
O O O O O O O O O O B-type O O O O O
O O O O O O O O O O O O O O O B-area O O O
O O O B-type O O O O O O O O O O O O O O O O O O O O O O O O
O O O O O O B-type O O O O O O O
O B-type O O O O
O O O O O O I-name O O O O O O O O B-name I-name O O
O O O O B-name I-name O
O O O O O B-type O O
O O O O O O O B-type O O
O O O O O B-area
O O O O O B-type O O O O O O
O O O O O O O O O B-area O O O O O O
O O O O O O O O O O O O O O O O B-type
O O B-area O O O O O O O O O O O O O O O
O O O O O O O O O O O O O O O O O O O B-type O O O O O O O O O O
O O O O O O O O O B-type O
O O O B-type O O O O O O O O O O O O
O O O O O O O O O O O B-area O O O O
O O O O O B-type O O O O O
O O O O O O B-type O O O O O O O
O O O O O O O O O O O O O O O O O B-type O
O O O O O O O O O O O O O O O O B-area O
O O O O O O O O O O O O O O O O O O O O O B-area O
O O O O O O O O O B-type O O O O
O O O O O O O O O O O O O O O B-type O O O O O O
O O O O O O O O O O B-name O
O O B-type O
O O O O O O O O O O B-name I-name O O O
O O O O O O O O O O O O O B-area O O O O O O O O
O O O O O O O O O O O O O O O O O O O B-name O O O
O O O O O O B-name I-name O
O O O O O O O O B-area O
O O O O O O B-type O O O O O O O O
O O O O O O O O O B-type O O O
O O O O O O O O O O O O B-area O O O
O O O O O O B-area O O O O
O O O O O O O O O O O O B-type O O
O O O B-type O O
O O O O O O O O O O O O O O O O O O O O O O O O O B-type
O O O O O O O B-name O O O O O O O O O O
